Archive member included to satisfy reference by file (symbol)

c:/st/stm32cubeide_1.5.1/stm32cubeide/plugins/com.st.stm32cube.ide.mcu.externaltools.gnu-tools-for-stm32.7-2018-q2-update.win32_1.5.0.202011040924/tools/bin/../lib/gcc/arm-none-eabi/7.3.1/../../../../arm-none-eabi/lib/thumb/v7e-m/fpv4-sp/hard\libc_nano.a(lib_a-errno.o)
                              Core/Src/syscalls.o (__errno)
c:/st/stm32cubeide_1.5.1/stm32cubeide/plugins/com.st.stm32cube.ide.mcu.externaltools.gnu-tools-for-stm32.7-2018-q2-update.win32_1.5.0.202011040924/tools/bin/../lib/gcc/arm-none-eabi/7.3.1/../../../../arm-none-eabi/lib/thumb/v7e-m/fpv4-sp/hard\libc_nano.a(lib_a-exit.o)
                              c:/st/stm32cubeide_1.5.1/stm32cubeide/plugins/com.st.stm32cube.ide.mcu.externaltools.gnu-tools-for-stm32.7-2018-q2-update.win32_1.5.0.202011040924/tools/bin/../lib/gcc/arm-none-eabi/7.3.1/../../../../arm-none-eabi/lib/thumb/v7e-m/fpv4-sp/hard/crt0.o (exit)
c:/st/stm32cubeide_1.5.1/stm32cubeide/plugins/com.st.stm32cube.ide.mcu.externaltools.gnu-tools-for-stm32.7-2018-q2-update.win32_1.5.0.202011040924/tools/bin/../lib/gcc/arm-none-eabi/7.3.1/../../../../arm-none-eabi/lib/thumb/v7e-m/fpv4-sp/hard\libc_nano.a(lib_a-impure.o)
                              c:/st/stm32cubeide_1.5.1/stm32cubeide/plugins/com.st.stm32cube.ide.mcu.externaltools.gnu-tools-for-stm32.7-2018-q2-update.win32_1.5.0.202011040924/tools/bin/../lib/gcc/arm-none-eabi/7.3.1/../../../../arm-none-eabi/lib/thumb/v7e-m/fpv4-sp/hard\libc_nano.a(lib_a-exit.o) (_global_impure_ptr)
c:/st/stm32cubeide_1.5.1/stm32cubeide/plugins/com.st.stm32cube.ide.mcu.externaltools.gnu-tools-for-stm32.7-2018-q2-update.win32_1.5.0.202011040924/tools/bin/../lib/gcc/arm-none-eabi/7.3.1/../../../../arm-none-eabi/lib/thumb/v7e-m/fpv4-sp/hard\libc_nano.a(lib_a-init.o)
                              c:/st/stm32cubeide_1.5.1/stm32cubeide/plugins/com.st.stm32cube.ide.mcu.externaltools.gnu-tools-for-stm32.7-2018-q2-update.win32_1.5.0.202011040924/tools/bin/../lib/gcc/arm-none-eabi/7.3.1/../../../../arm-none-eabi/lib/thumb/v7e-m/fpv4-sp/hard/crt0.o (__libc_init_array)
c:/st/stm32cubeide_1.5.1/stm32cubeide/plugins/com.st.stm32cube.ide.mcu.externaltools.gnu-tools-for-stm32.7-2018-q2-update.win32_1.5.0.202011040924/tools/bin/../lib/gcc/arm-none-eabi/7.3.1/../../../../arm-none-eabi/lib/thumb/v7e-m/fpv4-sp/hard\libc_nano.a(lib_a-memset.o)
                              c:/st/stm32cubeide_1.5.1/stm32cubeide/plugins/com.st.stm32cube.ide.mcu.externaltools.gnu-tools-for-stm32.7-2018-q2-update.win32_1.5.0.202011040924/tools/bin/../lib/gcc/arm-none-eabi/7.3.1/../../../../arm-none-eabi/lib/thumb/v7e-m/fpv4-sp/hard/crt0.o (memset)
c:/st/stm32cubeide_1.5.1/stm32cubeide/plugins/com.st.stm32cube.ide.mcu.externaltools.gnu-tools-for-stm32.7-2018-q2-update.win32_1.5.0.202011040924/tools/bin/../lib/gcc/arm-none-eabi/7.3.1/thumb/v7e-m/fpv4-sp/hard\libgcc.a(_aeabi_uldivmod.o)
                              Drivers/STM32F4xx_HAL_Driver/Src/stm32f4xx_hal_rcc.o (__aeabi_uldivmod)
c:/st/stm32cubeide_1.5.1/stm32cubeide/plugins/com.st.stm32cube.ide.mcu.externaltools.gnu-tools-for-stm32.7-2018-q2-update.win32_1.5.0.202011040924/tools/bin/../lib/gcc/arm-none-eabi/7.3.1/thumb/v7e-m/fpv4-sp/hard\libgcc.a(_udivmoddi4.o)
                              c:/st/stm32cubeide_1.5.1/stm32cubeide/plugins/com.st.stm32cube.ide.mcu.externaltools.gnu-tools-for-stm32.7-2018-q2-update.win32_1.5.0.202011040924/tools/bin/../lib/gcc/arm-none-eabi/7.3.1/thumb/v7e-m/fpv4-sp/hard\libgcc.a(_aeabi_uldivmod.o) (__udivmoddi4)
c:/st/stm32cubeide_1.5.1/stm32cubeide/plugins/com.st.stm32cube.ide.mcu.externaltools.gnu-tools-for-stm32.7-2018-q2-update.win32_1.5.0.202011040924/tools/bin/../lib/gcc/arm-none-eabi/7.3.1/thumb/v7e-m/fpv4-sp/hard\libgcc.a(_dvmd_tls.o)
                              c:/st/stm32cubeide_1.5.1/stm32cubeide/plugins/com.st.stm32cube.ide.mcu.externaltools.gnu-tools-for-stm32.7-2018-q2-update.win32_1.5.0.202011040924/tools/bin/../lib/gcc/arm-none-eabi/7.3.1/thumb/v7e-m/fpv4-sp/hard\libgcc.a(_aeabi_uldivmod.o) (__aeabi_ldiv0)

Allocating common symbols
Common symbol       size              file

huart3              0x40              Core/Src/main.o
hcrc                0x8               Core/Src/main.o
uwTick              0x4               Drivers/STM32F4xx_HAL_Driver/Src/stm32f4xx_hal.o
pFlash              0x20              Drivers/STM32F4xx_HAL_Driver/Src/stm32f4xx_hal_flash.o
erase_flash_msg     0x6               Host/receive_message_from_host.o
write_flash_msg     0x109             Host/receive_message_from_host.o

Discarded input sections

 .text          0x0000000000000000        0x0 c:/st/stm32cubeide_1.5.1/stm32cubeide/plugins/com.st.stm32cube.ide.mcu.externaltools.gnu-tools-for-stm32.7-2018-q2-update.win32_1.5.0.202011040924/tools/bin/../lib/gcc/arm-none-eabi/7.3.1/thumb/v7e-m/fpv4-sp/hard/crti.o
[...]
Memory Configuration

Name             Origin             Length             Attributes
CCMRAM           0x0000000010000000 0x0000000000010000 xrw
RAM              0x0000000020000000 0x0000000000020000 xrw
FLASH            0x0000000008000000 0x0000000000100000 xr
*default*        0x0000000000000000 0xffffffffffffffff

Linker script and memory map

LOAD c:/st/stm32cubeide_1.5.1/stm32cubeide/plugins/com.st.stm32cube.ide.mcu.externaltools.gnu-tools-for-stm32.7-2018-q2-update.win32_1.5.0.202011040924/tools/bin/../lib/gcc/arm-none-eabi/7.3.1/thumb/v7e-m/fpv4-sp/hard/crti.o
LOAD c:/st/stm32cubeide_1.5.1/stm32cubeide/plugins/com.st.stm32cube.ide.mcu.externaltools.gnu-tools-for-stm32.7-2018-q2-update.win32_1.5.0.202011040924/tools/bin/../lib/gcc/arm-none-eabi/7.3.1/thumb/v7e-m/fpv4-sp/hard/crtbegin.o
LOAD c:/st/stm32cubeide_1.5.1/stm32cubeide/plugins/com.st.stm32cube.ide.mcu.externaltools.gnu-tools-for-stm32.7-2018-q2-update.win32_1.5.0.202011040924/tools/bin/../lib/gcc/arm-none-eabi/7.3.1/../../../../arm-none-eabi/lib/thumb/v7e-m/fpv4-sp/hard/crt0.o
LOAD Core/Src/main.o
LOAD Core/Src/stm32f4xx_hal_msp.o
LOAD Core/Src/stm32f4xx_it.o
LOAD Core/Src/syscalls.o
LOAD Core/Src/sysmem.o
LOAD Core/Src/system_stm32f4xx.o
LOAD Core/Startup/startup_stm32f407vgtx.o
LOAD Crc/calculate_crc.o
LOAD Drivers/STM32F4xx_HAL_Driver/Src/stm32f4xx_hal.o
LOAD Drivers/STM32F4xx_HAL_Driver/Src/stm32f4xx_hal_cortex.o
LOAD Drivers/STM32F4xx_HAL_Driver/Src/stm32f4xx_hal_crc.o
LOAD Drivers/STM32F4xx_HAL_Driver/Src/stm32f4xx_hal_dma.o
LOAD Drivers/STM32F4xx_HAL_Driver/Src/stm32f4xx_hal_dma_ex.o
LOAD Drivers/STM32F4xx_HAL_Driver/Src/stm32f4xx_hal_exti.o
LOAD Drivers/STM32F4xx_HAL_Driver/Src/stm32f4xx_hal_flash.o
LOAD Drivers/STM32F4xx_HAL_Driver/Src/stm32f4xx_hal_flash_ex.o
LOAD Drivers/STM32F4xx_HAL_Driver/Src/stm32f4xx_hal_flash_ramfunc.o
LOAD Drivers/STM32F4xx_HAL_Driver/Src/stm32f4xx_hal_gpio.o
LOAD Drivers/STM32F4xx_HAL_Driver/Src/stm32f4xx_hal_pwr.o
LOAD Drivers/STM32F4xx_HAL_Driver/Src/stm32f4xx_hal_pwr_ex.o
LOAD Drivers/STM32F4xx_HAL_Driver/Src/stm32f4xx_hal_rcc.o
LOAD Drivers/STM32F4xx_HAL_Driver/Src/stm32f4xx_hal_rcc_ex.o
LOAD Drivers/STM32F4xx_HAL_Driver/Src/stm32f4xx_hal_tim.o
LOAD Drivers/STM32F4xx_HAL_Driver/Src/stm32f4xx_hal_tim_ex.o
LOAD Drivers/STM32F4xx_HAL_Driver/Src/stm32f4xx_hal_uart.o
LOAD Flash/erase_flash_memory.o
LOAD Flash/write_flash_memory.o
LOAD Host/parse_message.o
LOAD Host/receive_message_from_host.o
LOAD Host/send_message_to_host.o
START GROUP
LOAD c:/st/stm32cubeide_1.5.1/stm32cubeide/plugins/com.st.stm32cube.ide.mcu.externaltools.gnu-tools-for-stm32.7-2018-q2-update.win32_1.5.0.202011040924/tools/bin/../lib/gcc/arm-none-eabi/7.3.1/../../../../arm-none-eabi/lib/thumb/v7e-m/fpv4-sp/hard\libc_nano.a
LOAD c:/st/stm32cubeide_1.5.1/stm32cubeide/plugins/com.st.stm32cube.ide.mcu.externaltools.gnu-tools-for-stm32.7-2018-q2-update.win32_1.5.0.202011040924/tools/bin/../lib/gcc/arm-none-eabi/7.3.1/../../../../arm-none-eabi/lib/thumb/v7e-m/fpv4-sp/hard\libm.a
END GROUP
START GROUP
LOAD c:/st/stm32cubeide_1.5.1/stm32cubeide/plugins/com.st.stm32cube.ide.mcu.externaltools.gnu-tools-for-stm32.7-2018-q2-update.win32_1.5.0.202011040924/tools/bin/../lib/gcc/arm-none-eabi/7.3.1/thumb/v7e-m/fpv4-sp/hard\libgcc.a
LOAD c:/st/stm32cubeide_1.5.1/stm32cubeide/plugins/com.st.stm32cube.ide.mcu.externaltools.gnu-tools-for-stm32.7-2018-q2-update.win32_1.5.0.202011040924/tools/bin/../lib/gcc/arm-none-eabi/7.3.1/../../../../arm-none-eabi/lib/thumb/v7e-m/fpv4-sp/hard\libc_nano.a
END GROUP
START GROUP
LOAD c:/st/stm32cubeide_1.5.1/stm32cubeide/plugins/com.st.stm32cube.ide.mcu.externaltools.gnu-tools-for-stm32.7-2018-q2-update.win32_1.5.0.202011040924/tools/bin/../lib/gcc/arm-none-eabi/7.3.1/thumb/v7e-m/fpv4-sp/hard\libgcc.a
LOAD c:/st/stm32cubeide_1.5.1/stm32cubeide/plugins/com.st.stm32cube.ide.mcu.externaltools.gnu-tools-for-stm32.7-2018-q2-update.win32_1.5.0.202011040924/tools/bin/../lib/gcc/arm-none-eabi/7.3.1/../../../../arm-none-eabi/lib/thumb/v7e-m/fpv4-sp/hard\libc_nano.a
LOAD c:/st/stm32cubeide_1.5.1/stm32cubeide/plugins/com.st.stm32cube.ide.mcu.externaltools.gnu-tools-for-stm32.7-2018-q2-update.win32_1.5.0.202011040924/tools/bin/../lib/gcc/arm-none-eabi/7.3.1/../../../../arm-none-eabi/lib/thumb/v7e-m/fpv4-sp/hard\libnosys.a
END GROUP
START GROUP
LOAD c:/st/stm32cubeide_1.5.1/stm32cubeide/plugins/com.st.stm32cube.ide.mcu.externaltools.gnu-tools-for-stm32.7-2018-q2-update.win32_1.5.0.202011040924/tools/bin/../lib/gcc/arm-none-eabi/7.3.1/thumb/v7e-m/fpv4-sp/hard\libgcc.a
LOAD c:/st/stm32cubeide_1.5.1/stm32cubeide/plugins/com.st.stm32cube.ide.mcu.externaltools.gnu-tools-for-stm32.7-2018-q2-update.win32_1.5.0.202011040924/tools/bin/../lib/gcc/arm-none-eabi/7.3.1/../../../../arm-none-eabi/lib/thumb/v7e-m/fpv4-sp/hard\libc_nano.a
LOAD c:/st/stm32cubeide_1.5.1/stm32cubeide/plugins/com.st.stm32cube.ide.mcu.externaltools.gnu-tools-for-stm32.7-2018-q2-update.win32_1.5.0.202011040924/tools/bin/../lib/gcc/arm-none-eabi/7.3.1/../../../../arm-none-eabi/lib/thumb/v7e-m/fpv4-sp/hard\libnosys.a
END GROUP
LOAD c:/st/stm32cubeide_1.5.1/stm32cubeide/plugins/com.st.stm32cube.ide.mcu.externaltools.gnu-tools-for-stm32.7-2018-q2-update.win32_1.5.0.202011040924/tools/bin/../lib/gcc/arm-none-eabi/7.3.1/thumb/v7e-m/fpv4-sp/hard/crtend.o
LOAD c:/st/stm32cubeide_1.5.1/stm32cubeide/plugins/com.st.stm32cube.ide.mcu.externaltools.gnu-tools-for-stm32.7-2018-q2-update.win32_1.5.0.202011040924/tools/bin/../lib/gcc/arm-none-eabi/7.3.1/thumb/v7e-m/fpv4-sp/hard/crtn.o
                0x0000000020020000                _estack = (ORIGIN (RAM) + LENGTH (RAM))
                0x0000000000000200                _Min_Heap_Size = 0x200
                0x0000000000000400                _Min_Stack_Size = 0x400

.isr_vector     0x0000000008000000      0x188
                0x0000000008000000                . = ALIGN (0x4)
 *(.isr_vector)
 .isr_vector    0x0000000008000000      0x188 Core/Startup/startup_stm32f407vgtx.o
                0x0000000008000000                g_pfnVectors
                0x0000000008000188                . = ALIGN (0x4)

.text           0x0000000008000188     0x3014
                0x0000000008000188                . = ALIGN (0x4)
 *(.text)
 .text          0x0000000008000188       0x40 c:/st/stm32cubeide_1.5.1/stm32cubeide/plugins/com.st.stm32cube.ide.mcu.externaltools.gnu-tools-for-stm32.7-2018-q2-update.win32_1.5.0.202011040924/tools/bin/../lib/gcc/arm-none-eabi/7.3.1/thumb/v7e-m/fpv4-sp/hard/crtbegin.o
 .text          0x00000000080001c8       0x30 c:/st/stm32cubeide_1.5.1/stm32cubeide/plugins/com.st.stm32cube.ide.mcu.externaltools.gnu-tools-for-stm32.7-2018-q2-update.win32_1.5.0.202011040924/tools/bin/../lib/gcc/arm-none-eabi/7.3.1/thumb/v7e-m/fpv4-sp/hard\libgcc.a(_aeabi_uldivmod.o)
                0x00000000080001c8                __aeabi_uldivmod
 .text          0x00000000080001f8      0x2cc c:/st/stm32cubeide_1.5.1/stm32cubeide/plugins/com.st.stm32cube.ide.mcu.externaltools.gnu-tools-for-stm32.7-2018-q2-update.win32_1.5.0.202011040924/tools/bin/../lib/gcc/arm-none-eabi/7.3.1/thumb/v7e-m/fpv4-sp/hard\libgcc.a(_udivmoddi4.o)
                0x00000000080001f8                __udivmoddi4
 .text          0x00000000080004c4        0x4 c:/st/stm32cubeide_1.5.1/stm32cubeide/plugins/com.st.stm32cube.ide.mcu.externaltools.gnu-tools-for-stm32.7-2018-q2-update.win32_1.5.0.202011040924/tools/bin/../lib/gcc/arm-none-eabi/7.3.1/thumb/v7e-m/fpv4-sp/hard\libgcc.a(_dvmd_tls.o)
                0x00000000080004c4                __aeabi_idiv0
                0x00000000080004c4                __aeabi_ldiv0
 *(.text*)
 .text.bootloader_jump_to_user_app
                0x00000000080004c8       0x20 Core/Src/main.o
                0x00000000080004c8                bootloader_jump_to_user_app
 .text.main     0x00000000080004e8       0x44 Core/Src/main.o
                0x00000000080004e8                main
 .text.SystemClock_Config
                0x000000000800052c       0xd4 Core/Src/main.o
                0x000000000800052c                SystemClock_Config
 .text.MX_CRC_Init
                0x0000000008000600       0x28 Core/Src/main.o
 .text.MX_USART3_UART_Init
                0x0000000008000628       0x54 Core/Src/main.o
 .text.MX_GPIO_Init
                0x000000000800067c       0x8c Core/Src/main.o
 .text.Error_Handler
                0x0000000008000708        0x8 Core/Src/main.o
                0x0000000008000708                Error_Handler
 .text.HAL_MspInit
                0x0000000008000710       0x50 Core/Src/stm32f4xx_hal_msp.o
                0x0000000008000710                HAL_MspInit
 .text.HAL_CRC_MspInit
                0x0000000008000760       0x44 Core/Src/stm32f4xx_hal_msp.o
                0x0000000008000760                HAL_CRC_MspInit
 .text.HAL_UART_MspInit
                0x00000000080007a4       0xa0 Core/Src/stm32f4xx_hal_msp.o
                0x00000000080007a4                HAL_UART_MspInit
 .text.NMI_Handler
                0x0000000008000844        0x6 Core/Src/stm32f4xx_it.o
                0x0000000008000844                NMI_Handler
 .text.HardFault_Handler
                0x000000000800084a        0x6 Core/Src/stm32f4xx_it.o
                0x000000000800084a                HardFault_Handler
 .text.MemManage_Handler
                0x0000000008000850        0x6 Core/Src/stm32f4xx_it.o
                0x0000000008000850                MemManage_Handler
 .text.BusFault_Handler
                0x0000000008000856        0x6 Core/Src/stm32f4xx_it.o
                0x0000000008000856                BusFault_Handler
 .text.UsageFault_Handler
                0x000000000800085c        0x6 Core/Src/stm32f4xx_it.o
                0x000000000800085c                UsageFault_Handler
 .text.SVC_Handler
                0x0000000008000862        0xe Core/Src/stm32f4xx_it.o
                0x0000000008000862                SVC_Handler
 .text.DebugMon_Handler
                0x0000000008000870        0xe Core/Src/stm32f4xx_it.o
                0x0000000008000870                DebugMon_Handler
 .text.PendSV_Handler
                0x000000000800087e        0xe Core/Src/stm32f4xx_it.o
                0x000000000800087e                PendSV_Handler
 .text.SysTick_Handler
                0x000000000800088c        0xc Core/Src/stm32f4xx_it.o
                0x000000000800088c                SysTick_Handler
 .text.EXTI0_IRQHandler
                0x0000000008000898        0xe Core/Src/stm32f4xx_it.o
                0x0000000008000898                EXTI0_IRQHandler
 *fill*         0x00000000080008a6        0x2 
 .text.USART3_IRQHandler
                0x00000000080008a8       0x14 Core/Src/stm32f4xx_it.o
                0x00000000080008a8                USART3_IRQHandler
 .text.SystemInit
                0x00000000080008bc       0x2c Core/Src/system_stm32f4xx.o
                0x00000000080008bc                SystemInit
 .text.Reset_Handler
                0x00000000080008e8       0x50 Core/Startup/startup_stm32f407vgtx.o
                0x00000000080008e8                Reset_Handler
 .text.Default_Handler
                0x0000000008000938        0x2 Core/Startup/startup_stm32f407vgtx.o
                0x0000000008000938                RTC_Alarm_IRQHandler
                0x0000000008000938                HASH_RNG_IRQHandler
                0x0000000008000938                EXTI2_IRQHandler
                0x0000000008000938                TIM8_CC_IRQHandler
                0x0000000008000938                TIM1_CC_IRQHandler
                0x0000000008000938                DMA2_Stream5_IRQHandler
                0x0000000008000938                DMA1_Stream5_IRQHandler
                0x0000000008000938                PVD_IRQHandler
                0x0000000008000938                SDIO_IRQHandler
                0x0000000008000938                TAMP_STAMP_IRQHandler
                0x0000000008000938                CAN2_RX1_IRQHandler
                0x0000000008000938                EXTI3_IRQHandler
                0x0000000008000938                TIM8_TRG_COM_TIM14_IRQHandler
                0x0000000008000938                TIM1_UP_TIM10_IRQHandler
                0x0000000008000938                TIM8_UP_TIM13_IRQHandler
                0x0000000008000938                I2C3_ER_IRQHandler
                0x0000000008000938                I2C2_EV_IRQHandler
                0x0000000008000938                DMA1_Stream2_IRQHandler
                0x0000000008000938                CAN1_RX0_IRQHandler
                0x0000000008000938                FPU_IRQHandler
                0x0000000008000938                OTG_HS_WKUP_IRQHandler
                0x0000000008000938                CAN2_SCE_IRQHandler
                0x0000000008000938                DMA2_Stream2_IRQHandler
                0x0000000008000938                SPI1_IRQHandler
                0x0000000008000938                TIM6_DAC_IRQHandler
                0x0000000008000938                TIM1_BRK_TIM9_IRQHandler
                0x0000000008000938                DCMI_IRQHandler
                0x0000000008000938                CAN2_RX0_IRQHandler
                0x0000000008000938                DMA2_Stream3_IRQHandler
                0x0000000008000938                USART6_IRQHandler
                0x0000000008000938                CAN1_RX1_IRQHandler
                0x0000000008000938                UART5_IRQHandler
                0x0000000008000938                DMA2_Stream0_IRQHandler
                0x0000000008000938                TIM4_IRQHandler
                0x0000000008000938                I2C1_EV_IRQHandler
                0x0000000008000938                DMA1_Stream6_IRQHandler
                0x0000000008000938                DMA1_Stream1_IRQHandler
                0x0000000008000938                UART4_IRQHandler
                0x0000000008000938                TIM3_IRQHandler
                0x0000000008000938                RCC_IRQHandler
                0x0000000008000938                TIM8_BRK_TIM12_IRQHandler
                0x0000000008000938                Default_Handler
                0x0000000008000938                EXTI15_10_IRQHandler
                0x0000000008000938                ADC_IRQHandler
                0x0000000008000938                DMA1_Stream7_IRQHandler
                0x0000000008000938                TIM7_IRQHandler
                0x0000000008000938                CAN2_TX_IRQHandler
                0x0000000008000938                TIM5_IRQHandler
                0x0000000008000938                DMA2_Stream7_IRQHandler
                0x0000000008000938                I2C3_EV_IRQHandler
                0x0000000008000938                EXTI9_5_IRQHandler
                0x0000000008000938                RTC_WKUP_IRQHandler
                0x0000000008000938                ETH_WKUP_IRQHandler
                0x0000000008000938                SPI2_IRQHandler
                0x0000000008000938                OTG_HS_EP1_IN_IRQHandler
                0x0000000008000938                DMA1_Stream0_IRQHandler
                0x0000000008000938                CAN1_TX_IRQHandler
                0x0000000008000938                EXTI4_IRQHandler
                0x0000000008000938                FSMC_IRQHandler
                0x0000000008000938                ETH_IRQHandler
                0x0000000008000938                OTG_HS_EP1_OUT_IRQHandler
                0x0000000008000938                WWDG_IRQHandler
                0x0000000008000938                TIM2_IRQHandler
                0x0000000008000938                OTG_FS_WKUP_IRQHandler
                0x0000000008000938                TIM1_TRG_COM_TIM11_IRQHandler
                0x0000000008000938                OTG_HS_IRQHandler
                0x0000000008000938                EXTI1_IRQHandler
                0x0000000008000938                USART2_IRQHandler
                0x0000000008000938                I2C2_ER_IRQHandler
                0x0000000008000938                DMA2_Stream1_IRQHandler
                0x0000000008000938                CAN1_SCE_IRQHandler
                0x0000000008000938                FLASH_IRQHandler
                0x0000000008000938                DMA2_Stream4_IRQHandler
                0x0000000008000938                USART1_IRQHandler
                0x0000000008000938                OTG_FS_IRQHandler
                0x0000000008000938                SPI3_IRQHandler
                0x0000000008000938                DMA1_Stream4_IRQHandler
                0x0000000008000938                I2C1_ER_IRQHandler
                0x0000000008000938                DMA2_Stream6_IRQHandler
                0x0000000008000938                DMA1_Stream3_IRQHandler
 *fill*         0x000000000800093a        0x2 
 .text.bootloader_verify_crc
                0x000000000800093c       0x68 Crc/calculate_crc.o
                0x000000000800093c                bootloader_verify_crc
 .text.HAL_Init
                0x00000000080009a4       0x44 Drivers/STM32F4xx_HAL_Driver/Src/stm32f4xx_hal.o
                0x00000000080009a4                HAL_Init
 .text.HAL_InitTick
                0x00000000080009e8       0x60 Drivers/STM32F4xx_HAL_Driver/Src/stm32f4xx_hal.o
                0x00000000080009e8                HAL_InitTick
 .text.HAL_IncTick
                0x0000000008000a48       0x28 Drivers/STM32F4xx_HAL_Driver/Src/stm32f4xx_hal.o
                0x0000000008000a48                HAL_IncTick
 .text.HAL_GetTick
                0x0000000008000a70       0x18 Drivers/STM32F4xx_HAL_Driver/Src/stm32f4xx_hal.o
                0x0000000008000a70                HAL_GetTick
 .text.__NVIC_SetPriorityGrouping
                0x0000000008000a88       0x48 Drivers/STM32F4xx_HAL_Driver/Src/stm32f4xx_hal_cortex.o
 .text.__NVIC_GetPriorityGrouping
                0x0000000008000ad0       0x1c Drivers/STM32F4xx_HAL_Driver/Src/stm32f4xx_hal_cortex.o
 .text.__NVIC_EnableIRQ
                0x0000000008000aec       0x3c Drivers/STM32F4xx_HAL_Driver/Src/stm32f4xx_hal_cortex.o
 .text.__NVIC_SetPriority
                0x0000000008000b28       0x54 Drivers/STM32F4xx_HAL_Driver/Src/stm32f4xx_hal_cortex.o
 .text.NVIC_EncodePriority
                0x0000000008000b7c       0x66 Drivers/STM32F4xx_HAL_Driver/Src/stm32f4xx_hal_cortex.o
 *fill*         0x0000000008000be2        0x2 
 .text.SysTick_Config
                0x0000000008000be4       0x44 Drivers/STM32F4xx_HAL_Driver/Src/stm32f4xx_hal_cortex.o
 .text.HAL_NVIC_SetPriorityGrouping
                0x0000000008000c28       0x16 Drivers/STM32F4xx_HAL_Driver/Src/stm32f4xx_hal_cortex.o
                0x0000000008000c28                HAL_NVIC_SetPriorityGrouping
 .text.HAL_NVIC_SetPriority
                0x0000000008000c3e       0x38 Drivers/STM32F4xx_HAL_Driver/Src/stm32f4xx_hal_cortex.o
                0x0000000008000c3e                HAL_NVIC_SetPriority
 .text.HAL_NVIC_EnableIRQ
                0x0000000008000c76       0x1c Drivers/STM32F4xx_HAL_Driver/Src/stm32f4xx_hal_cortex.o
                0x0000000008000c76                HAL_NVIC_EnableIRQ
 .text.HAL_SYSTICK_Config
                0x0000000008000c92       0x18 Drivers/STM32F4xx_HAL_Driver/Src/stm32f4xx_hal_cortex.o
                0x0000000008000c92                HAL_SYSTICK_Config
 .text.HAL_CRC_Init
                0x0000000008000caa       0x38 Drivers/STM32F4xx_HAL_Driver/Src/stm32f4xx_hal_crc.o
                0x0000000008000caa                HAL_CRC_Init
 .text.HAL_CRC_Accumulate
                0x0000000008000ce2       0x56 Drivers/STM32F4xx_HAL_Driver/Src/stm32f4xx_hal_crc.o
                0x0000000008000ce2                HAL_CRC_Accumulate
 .text.HAL_DMA_Abort_IT
                0x0000000008000d38       0x44 Drivers/STM32F4xx_HAL_Driver/Src/stm32f4xx_hal_dma.o
                0x0000000008000d38                HAL_DMA_Abort_IT
 .text.HAL_FLASH_Program
                0x0000000008000d7c       0xa8 Drivers/STM32F4xx_HAL_Driver/Src/stm32f4xx_hal_flash.o
                0x0000000008000d7c                HAL_FLASH_Program
 .text.HAL_FLASH_Unlock
                0x0000000008000e24       0x44 Drivers/STM32F4xx_HAL_Driver/Src/stm32f4xx_hal_flash.o
                0x0000000008000e24                HAL_FLASH_Unlock
 .text.HAL_FLASH_Lock
                0x0000000008000e68       0x20 Drivers/STM32F4xx_HAL_Driver/Src/stm32f4xx_hal_flash.o
                0x0000000008000e68                HAL_FLASH_Lock
 .text.FLASH_WaitForLastOperation
                0x0000000008000e88       0x80 Drivers/STM32F4xx_HAL_Driver/Src/stm32f4xx_hal_flash.o
                0x0000000008000e88                FLASH_WaitForLastOperation
 .text.FLASH_Program_DoubleWord
                0x0000000008000f08       0x60 Drivers/STM32F4xx_HAL_Driver/Src/stm32f4xx_hal_flash.o
 .text.FLASH_Program_Word
                0x0000000008000f68       0x44 Drivers/STM32F4xx_HAL_Driver/Src/stm32f4xx_hal_flash.o
 .text.FLASH_Program_HalfWord
                0x0000000008000fac       0x48 Drivers/STM32F4xx_HAL_Driver/Src/stm32f4xx_hal_flash.o
 .text.FLASH_Program_Byte
                0x0000000008000ff4       0x44 Drivers/STM32F4xx_HAL_Driver/Src/stm32f4xx_hal_flash.o
 .text.FLASH_SetErrorCode
                0x0000000008001038       0xac Drivers/STM32F4xx_HAL_Driver/Src/stm32f4xx_hal_flash.o
 .text.HAL_FLASHEx_Erase
                0x00000000080010e4       0xe0 Drivers/STM32F4xx_HAL_Driver/Src/stm32f4xx_hal_flash_ex.o
                0x00000000080010e4                HAL_FLASHEx_Erase
 .text.FLASH_MassErase
                0x00000000080011c4       0x48 Drivers/STM32F4xx_HAL_Driver/Src/stm32f4xx_hal_flash_ex.o
 .text.FLASH_Erase_Sector
                0x000000000800120c       0x90 Drivers/STM32F4xx_HAL_Driver/Src/stm32f4xx_hal_flash_ex.o
                0x000000000800120c                FLASH_Erase_Sector
 .text.FLASH_FlushCaches
                0x000000000800129c       0x8c Drivers/STM32F4xx_HAL_Driver/Src/stm32f4xx_hal_flash_ex.o
                0x000000000800129c                FLASH_FlushCaches
 .text.HAL_GPIO_Init
                0x0000000008001328      0x334 Drivers/STM32F4xx_HAL_Driver/Src/stm32f4xx_hal_gpio.o
                0x0000000008001328                HAL_GPIO_Init
 .text.HAL_GPIO_ReadPin
                0x000000000800165c       0x30 Drivers/STM32F4xx_HAL_Driver/Src/stm32f4xx_hal_gpio.o
                0x000000000800165c                HAL_GPIO_ReadPin
 .text.HAL_GPIO_EXTI_IRQHandler
                0x000000000800168c       0x30 Drivers/STM32F4xx_HAL_Driver/Src/stm32f4xx_hal_gpio.o
                0x000000000800168c                HAL_GPIO_EXTI_IRQHandler
 .text.HAL_GPIO_EXTI_Callback
                0x00000000080016bc       0x16 Drivers/STM32F4xx_HAL_Driver/Src/stm32f4xx_hal_gpio.o
                0x00000000080016bc                HAL_GPIO_EXTI_Callback
 *fill*         0x00000000080016d2        0x2 
 .text.HAL_RCC_OscConfig
                0x00000000080016d4      0x4e0 Drivers/STM32F4xx_HAL_Driver/Src/stm32f4xx_hal_rcc.o
                0x00000000080016d4                HAL_RCC_OscConfig
 .text.HAL_RCC_ClockConfig
                0x0000000008001bb4      0x1cc Drivers/STM32F4xx_HAL_Driver/Src/stm32f4xx_hal_rcc.o
                0x0000000008001bb4                HAL_RCC_ClockConfig
 .text.HAL_RCC_GetSysClockFreq
                0x0000000008001d80      0x1b0 Drivers/STM32F4xx_HAL_Driver/Src/stm32f4xx_hal_rcc.o
                0x0000000008001d80                HAL_RCC_GetSysClockFreq
 .text.HAL_RCC_GetHCLKFreq
                0x0000000008001f30       0x18 Drivers/STM32F4xx_HAL_Driver/Src/stm32f4xx_hal_rcc.o
                0x0000000008001f30                HAL_RCC_GetHCLKFreq
 .text.HAL_RCC_GetPCLK1Freq
                0x0000000008001f48       0x28 Drivers/STM32F4xx_HAL_Driver/Src/stm32f4xx_hal_rcc.o
                0x0000000008001f48                HAL_RCC_GetPCLK1Freq
 .text.HAL_RCC_GetPCLK2Freq
                0x0000000008001f70       0x28 Drivers/STM32F4xx_HAL_Driver/Src/stm32f4xx_hal_rcc.o
                0x0000000008001f70                HAL_RCC_GetPCLK2Freq
 .text.HAL_UART_Init
                0x0000000008001f98       0x9a Drivers/STM32F4xx_HAL_Driver/Src/stm32f4xx_hal_uart.o
                0x0000000008001f98                HAL_UART_Init
 .text.HAL_UART_Transmit
                0x0000000008002032      0x132 Drivers/STM32F4xx_HAL_Driver/Src/stm32f4xx_hal_uart.o
                0x0000000008002032                HAL_UART_Transmit
 .text.HAL_UART_Receive
                0x0000000008002164      0x14c Drivers/STM32F4xx_HAL_Driver/Src/stm32f4xx_hal_uart.o
                0x0000000008002164                HAL_UART_Receive
 .text.HAL_UART_IRQHandler
                0x00000000080022b0      0x200 Drivers/STM32F4xx_HAL_Driver/Src/stm32f4xx_hal_uart.o
                0x00000000080022b0                HAL_UART_IRQHandler
 .text.HAL_UART_TxCpltCallback
                0x00000000080024b0       0x14 Drivers/STM32F4xx_HAL_Driver/Src/stm32f4xx_hal_uart.o
                0x00000000080024b0                HAL_UART_TxCpltCallback
 .text.HAL_UART_RxCpltCallback
                0x00000000080024c4       0x14 Drivers/STM32F4xx_HAL_Driver/Src/stm32f4xx_hal_uart.o
                0x00000000080024c4                HAL_UART_RxCpltCallback
 .text.HAL_UART_ErrorCallback
                0x00000000080024d8       0x14 Drivers/STM32F4xx_HAL_Driver/Src/stm32f4xx_hal_uart.o
                0x00000000080024d8                HAL_UART_ErrorCallback
 .text.UART_WaitOnFlagUntilTimeout
                0x00000000080024ec       0x94 Drivers/STM32F4xx_HAL_Driver/Src/stm32f4xx_hal_uart.o
 .text.UART_EndRxTransfer
                0x0000000008002580       0x3c Drivers/STM32F4xx_HAL_Driver/Src/stm32f4xx_hal_uart.o
 .text.UART_DMAAbortOnError
                0x00000000080025bc       0x28 Drivers/STM32F4xx_HAL_Driver/Src/stm32f4xx_hal_uart.o
 .text.UART_Transmit_IT
                0x00000000080025e4       0xac Drivers/STM32F4xx_HAL_Driver/Src/stm32f4xx_hal_uart.o
 .text.UART_EndTransmit_IT
                0x0000000008002690       0x30 Drivers/STM32F4xx_HAL_Driver/Src/stm32f4xx_hal_uart.o
 .text.UART_Receive_IT
                0x00000000080026c0      0x102 Drivers/STM32F4xx_HAL_Driver/Src/stm32f4xx_hal_uart.o
 *fill*         0x00000000080027c2        0x2 
 .text.UART_SetConfig
                0x00000000080027c4      0x6f8 Drivers/STM32F4xx_HAL_Driver/Src/stm32f4xx_hal_uart.o
 .text.bl_erase_flash
                0x0000000008002ebc       0x6c Flash/erase_flash_memory.o
                0x0000000008002ebc                bl_erase_flash
 .text.execute_mem_write
                0x0000000008002f28       0x58 Flash/write_flash_memory.o
                0x0000000008002f28                execute_mem_write
 .text.download_user_app_sector_to_flash
                0x0000000008002f80        0xe Host/parse_message.o
                0x0000000008002f80                download_user_app_sector_to_flash
 *fill*         0x0000000008002f8e        0x2 
 .text.parse_erase_message
                0x0000000008002f90       0x50 Host/parse_message.o
                0x0000000008002f90                parse_erase_message
 .text.parse_write_message
                0x0000000008002fe0       0xb4 Host/parse_message.o
                0x0000000008002fe0                parse_write_message
 .text.receive_message_from_host_polling
                0x0000000008003094       0x44 Host/receive_message_from_host.o
                0x0000000008003094                receive_message_from_host_polling
 .text.bootloader_uart_read_data
                0x00000000080030d8       0x30 Host/receive_message_from_host.o
                0x00000000080030d8                bootloader_uart_read_data
 .text.send_message_to_host
                0x0000000008003108       0x24 Host/send_message_to_host.o
                0x0000000008003108                send_message_to_host
 .text.__libc_init_array
                0x000000000800312c       0x48 c:/st/stm32cubeide_1.5.1/stm32cubeide/plugins/com.st.stm32cube.ide.mcu.externaltools.gnu-tools-for-stm32.7-2018-q2-update.win32_1.5.0.202011040924/tools/bin/../lib/gcc/arm-none-eabi/7.3.1/../../../../arm-none-eabi/lib/thumb/v7e-m/fpv4-sp/hard\libc_nano.a(lib_a-init.o)
                0x000000000800312c                __libc_init_array
 .text.memset   0x0000000008003174       0x10 c:/st/stm32cubeide_1.5.1/stm32cubeide/plugins/com.st.stm32cube.ide.mcu.externaltools.gnu-tools-for-stm32.7-2018-q2-update.win32_1.5.0.202011040924/tools/bin/../lib/gcc/arm-none-eabi/7.3.1/../../../../arm-none-eabi/lib/thumb/v7e-m/fpv4-sp/hard\libc_nano.a(lib_a-memset.o)
                0x0000000008003174                memset
 *(.glue_7)
 .glue_7        0x0000000008003184        0x0 linker stubs
 *(.glue_7t)
 .glue_7t       0x0000000008003184        0x0 linker stubs
 *(.eh_frame)
 .eh_frame      0x0000000008003184        0x0 c:/st/stm32cubeide_1.5.1/stm32cubeide/plugins/com.st.stm32cube.ide.mcu.externaltools.gnu-tools-for-stm32.7-2018-q2-update.win32_1.5.0.202011040924/tools/bin/../lib/gcc/arm-none-eabi/7.3.1/thumb/v7e-m/fpv4-sp/hard/crtbegin.o
 *(.init)
 .init          0x0000000008003184        0x4 c:/st/stm32cubeide_1.5.1/stm32cubeide/plugins/com.st.stm32cube.ide.mcu.externaltools.gnu-tools-for-stm32.7-2018-q2-update.win32_1.5.0.202011040924/tools/bin/../lib/gcc/arm-none-eabi/7.3.1/thumb/v7e-m/fpv4-sp/hard/crti.o
                0x0000000008003184                _init
 .init          0x0000000008003188        0x8 c:/st/stm32cubeide_1.5.1/stm32cubeide/plugins/com.st.stm32cube.ide.mcu.externaltools.gnu-tools-for-stm32.7-2018-q2-update.win32_1.5.0.202011040924/tools/bin/../lib/gcc/arm-none-eabi/7.3.1/thumb/v7e-m/fpv4-sp/hard/crtn.o
 *(.fini)
 .fini          0x0000000008003190        0x4 c:/st/stm32cubeide_1.5.1/stm32cubeide/plugins/com.st.stm32cube.ide.mcu.externaltools.gnu-tools-for-stm32.7-2018-q2-update.win32_1.5.0.202011040924/tools/bin/../lib/gcc/arm-none-eabi/7.3.1/thumb/v7e-m/fpv4-sp/hard/crti.o
                0x0000000008003190                _fini
 .fini          0x0000000008003194        0x8 c:/st/stm32cubeide_1.5.1/stm32cubeide/plugins/com.st.stm32cube.ide.mcu.externaltools.gnu-tools-for-stm32.7-2018-q2-update.win32_1.5.0.202011040924/tools/bin/../lib/gcc/arm-none-eabi/7.3.1/thumb/v7e-m/fpv4-sp/hard/crtn.o
                0x000000000800319c                . = ALIGN (0x4)
                0x000000000800319c                _etext = .

.vfp11_veneer   0x000000000800319c        0x0
 .vfp11_veneer  0x000000000800319c        0x0 linker stubs

.v4_bx          0x000000000800319c        0x0
 .v4_bx         0x000000000800319c        0x0 linker stubs

.iplt           0x000000000800319c        0x0
 .iplt          0x000000000800319c        0x0 c:/st/stm32cubeide_1.5.1/stm32cubeide/plugins/com.st.stm32cube.ide.mcu.externaltools.gnu-tools-for-stm32.7-2018-q2-update.win32_1.5.0.202011040924/tools/bin/../lib/gcc/arm-none-eabi/7.3.1/thumb/v7e-m/fpv4-sp/hard/crtbegin.o

.rodata         0x000000000800319c       0x18
                0x000000000800319c                . = ALIGN (0x4)
 *(.rodata)
 *(.rodata*)
 .rodata.AHBPrescTable
                0x000000000800319c       0x10 Core/Src/system_stm32f4xx.o
                0x000000000800319c                AHBPrescTable
 .rodata.APBPrescTable
                0x00000000080031ac        0x8 Core/Src/system_stm32f4xx.o
                0x00000000080031ac                APBPrescTable
                0x00000000080031b4                . = ALIGN (0x4)

.ARM.extab      0x00000000080031b4        0x0
                0x00000000080031b4                . = ALIGN (0x4)
 *(.ARM.extab* .gnu.linkonce.armextab.*)
                0x00000000080031b4                . = ALIGN (0x4)

.ARM            0x00000000080031b4        0x8
                0x00000000080031b4                . = ALIGN (0x4)
                0x00000000080031b4                __exidx_start = .
 *(.ARM.exidx*)
 .ARM.exidx     0x00000000080031b4        0x8 c:/st/stm32cubeide_1.5.1/stm32cubeide/plugins/com.st.stm32cube.ide.mcu.externaltools.gnu-tools-for-stm32.7-2018-q2-update.win32_1.5.0.202011040924/tools/bin/../lib/gcc/arm-none-eabi/7.3.1/thumb/v7e-m/fpv4-sp/hard\libgcc.a(_udivmoddi4.o)
                0x00000000080031bc                __exidx_end = .
                0x00000000080031bc                . = ALIGN (0x4)

.rel.dyn        0x00000000080031bc        0x0
 .rel.iplt      0x00000000080031bc        0x0 c:/st/stm32cubeide_1.5.1/stm32cubeide/plugins/com.st.stm32cube.ide.mcu.externaltools.gnu-tools-for-stm32.7-2018-q2-update.win32_1.5.0.202011040924/tools/bin/../lib/gcc/arm-none-eabi/7.3.1/thumb/v7e-m/fpv4-sp/hard/crtbegin.o

.preinit_array  0x00000000080031bc        0x0
                0x00000000080031bc                . = ALIGN (0x4)
                0x00000000080031bc                PROVIDE (__preinit_array_start = .)
 *(.preinit_array*)
                0x00000000080031bc                PROVIDE (__preinit_array_end = .)
                0x00000000080031bc                . = ALIGN (0x4)

.init_array     0x00000000080031bc        0x4
                0x00000000080031bc                . = ALIGN (0x4)
                0x00000000080031bc                PROVIDE (__init_array_start = .)
 *(SORT_BY_NAME(.init_array.*))
 *(.init_array*)
 .init_array    0x00000000080031bc        0x4 c:/st/stm32cubeide_1.5.1/stm32cubeide/plugins/com.st.stm32cube.ide.mcu.externaltools.gnu-tools-for-stm32.7-2018-q2-update.win32_1.5.0.202011040924/tools/bin/../lib/gcc/arm-none-eabi/7.3.1/thumb/v7e-m/fpv4-sp/hard/crtbegin.o
                0x00000000080031c0                PROVIDE (__init_array_end = .)
                0x00000000080031c0                . = ALIGN (0x4)

.fini_array     0x00000000080031c0        0x4
                0x00000000080031c0                . = ALIGN (0x4)
                [!provide]                        PROVIDE (__fini_array_start = .)
 *(SORT_BY_NAME(.fini_array.*))
 *(.fini_array*)
 .fini_array    0x00000000080031c0        0x4 c:/st/stm32cubeide_1.5.1/stm32cubeide/plugins/com.st.stm32cube.ide.mcu.externaltools.gnu-tools-for-stm32.7-2018-q2-update.win32_1.5.0.202011040924/tools/bin/../lib/gcc/arm-none-eabi/7.3.1/thumb/v7e-m/fpv4-sp/hard/crtbegin.o
                [!provide]                        PROVIDE (__fini_array_end = .)
                0x00000000080031c4                . = ALIGN (0x4)
                0x00000000080031c4                _sidata = LOADADDR (.data)

.data           0x0000000020000000        0xc load address 0x00000000080031c4
                0x0000000020000000                . = ALIGN (0x4)
                0x0000000020000000                _sdata = .
 *(.data)
 *(.data*)
 .data.SystemCoreClock
                0x0000000020000000        0x4 Core/Src/system_stm32f4xx.o
                0x0000000020000000                SystemCoreClock
 .data.uwTickPrio
                0x0000000020000004        0x4 Drivers/STM32F4xx_HAL_Driver/Src/stm32f4xx_hal.o
                0x0000000020000004                uwTickPrio
 .data.uwTickFreq
                0x0000000020000008        0x1 Drivers/STM32F4xx_HAL_Driver/Src/stm32f4xx_hal.o
                0x0000000020000008                uwTickFreq
 *(.RamFunc)
 *(.RamFunc*)
                0x000000002000000c                . = ALIGN (0x4)
 *fill*         0x0000000020000009        0x3 
                0x000000002000000c                _edata = .

.igot.plt       0x000000002000000c        0x0 load address 0x00000000080031d0
 .igot.plt      0x000000002000000c        0x0 c:/st/stm32cubeide_1.5.1/stm32cubeide/plugins/com.st.stm32cube.ide.mcu.externaltools.gnu-tools-for-stm32.7-2018-q2-update.win32_1.5.0.202011040924/tools/bin/../lib/gcc/arm-none-eabi/7.3.1/thumb/v7e-m/fpv4-sp/hard/crtbegin.o
                0x000000002000000c                . = ALIGN (0x4)

.bss            0x000000002000000c      0x19c load address 0x00000000080031d0
                0x000000002000000c                _sbss = .
                0x000000002000000c                __bss_start__ = _sbss
 *(.bss)
 .bss           0x000000002000000c       0x1c c:/st/stm32cubeide_1.5.1/stm32cubeide/plugins/com.st.stm32cube.ide.mcu.externaltools.gnu-tools-for-stm32.7-2018-q2-update.win32_1.5.0.202011040924/tools/bin/../lib/gcc/arm-none-eabi/7.3.1/thumb/v7e-m/fpv4-sp/hard/crtbegin.o
 *(.bss*)
 *(COMMON)
 COMMON         0x0000000020000028       0x48 Core/Src/main.o
                0x0000000020000028                huart3
                0x0000000020000068                hcrc
 COMMON         0x0000000020000070        0x4 Drivers/STM32F4xx_HAL_Driver/Src/stm32f4xx_hal.o
                0x0000000020000070                uwTick
 COMMON         0x0000000020000074       0x20 Drivers/STM32F4xx_HAL_Driver/Src/stm32f4xx_hal_flash.o
                0x0000000020000074                pFlash
 COMMON         0x0000000020000094      0x111 Host/receive_message_from_host.o
                0x0000000020000094                erase_flash_msg
                0x000000002000009c                write_flash_msg
                0x00000000200001a8                . = ALIGN (0x4)
 *fill*         0x00000000200001a5        0x3 
                0x00000000200001a8                _ebss = .
                0x00000000200001a8                __bss_end__ = _ebss

._user_heap_stack
                0x00000000200001a8      0x600 load address 0x00000000080031d0
                0x00000000200001a8                . = ALIGN (0x8)
                [!provide]                        PROVIDE (end = .)
                0x00000000200001a8                PROVIDE (_end = .)
                0x00000000200003a8                . = (. + _Min_Heap_Size)
 *fill*         0x00000000200001a8      0x200 
                0x00000000200007a8                . = (. + _Min_Stack_Size)
 *fill*         0x00000000200003a8      0x400 
                0x00000000200007a8                . = ALIGN (0x8)

/DISCARD/
 libc.a(*)
 libm.a(*)
 libgcc.a(*)

.ARM.attributes
                0x0000000000000000       0x30
 *(.ARM.attributes)
 .ARM.attributes
                0x0000000000000000       0x22 c:/st/stm32cubeide_1.5.1/stm32cubeide/plugins/com.st.stm32cube.ide.mcu.externaltools.gnu-tools-for-stm32.7-2018-q2-update.win32_1.5.0.202011040924/tools/bin/../lib/gcc/arm-none-eabi/7.3.1/thumb/v7e-m/fpv4-sp/hard/crti.o
 .ARM.attributes
                0x0000000000000022       0x34 c:/st/stm32cubeide_1.5.1/stm32cubeide/plugins/com.st.stm32cube.ide.mcu.externaltools.gnu-tools-for-stm32.7-2018-q2-update.win32_1.5.0.202011040924/tools/bin/../lib/gcc/arm-none-eabi/7.3.1/thumb/v7e-m/fpv4-sp/hard/crtbegin.o
 .ARM.attributes
                0x0000000000000056       0x39 Core/Src/main.o
 .ARM.attributes
                0x000000000000008f       0x39 Core/Src/stm32f4xx_hal_msp.o
 .ARM.attributes
                0x00000000000000c8       0x39 Core/Src/stm32f4xx_it.o
 .ARM.attributes
                0x0000000000000101       0x39 Core/Src/system_stm32f4xx.o
 .ARM.attributes
                0x000000000000013a       0x21 Core/Startup/startup_stm32f407vgtx.o
 .ARM.attributes
                0x000000000000015b       0x39 Crc/calculate_crc.o
 .ARM.attributes
                0x0000000000000194       0x39 Drivers/STM32F4xx_HAL_Driver/Src/stm32f4xx_hal.o
 .ARM.attributes
                0x00000000000001cd       0x39 Drivers/STM32F4xx_HAL_Driver/Src/stm32f4xx_hal_cortex.o
 .ARM.attributes
                0x0000000000000206       0x39 Drivers/STM32F4xx_HAL_Driver/Src/stm32f4xx_hal_crc.o
 .ARM.attributes
                0x000000000000023f       0x39 Drivers/STM32F4xx_HAL_Driver/Src/stm32f4xx_hal_dma.o
 .ARM.attributes
                0x0000000000000278       0x39 Drivers/STM32F4xx_HAL_Driver/Src/stm32f4xx_hal_flash.o
 .ARM.attributes
                0x00000000000002b1       0x39 Drivers/STM32F4xx_HAL_Driver/Src/stm32f4xx_hal_flash_ex.o
 .ARM.attributes
                0x00000000000002ea       0x39 Drivers/STM32F4xx_HAL_Driver/Src/stm32f4xx_hal_gpio.o
 .ARM.attributes
                0x0000000000000323       0x39 Drivers/STM32F4xx_HAL_Driver/Src/stm32f4xx_hal_rcc.o
 .ARM.attributes
                0x000000000000035c       0x39 Drivers/STM32F4xx_HAL_Driver/Src/stm32f4xx_hal_uart.o
 .ARM.attributes
                0x0000000000000395       0x39 Flash/erase_flash_memory.o
 .ARM.attributes
                0x00000000000003ce       0x39 Flash/write_flash_memory.o
 .ARM.attributes
                0x0000000000000407       0x39 Host/parse_message.o
 .ARM.attributes
                0x0000000000000440       0x39 Host/receive_message_from_host.o
 .ARM.attributes
                0x0000000000000479       0x39 Host/send_message_to_host.o
 .ARM.attributes
                0x00000000000004b2       0x34 c:/st/stm32cubeide_1.5.1/stm32cubeide/plugins/com.st.stm32cube.ide.mcu.externaltools.gnu-tools-for-stm32.7-2018-q2-update.win32_1.5.0.202011040924/tools/bin/../lib/gcc/arm-none-eabi/7.3.1/../../../../arm-none-eabi/lib/thumb/v7e-m/fpv4-sp/hard\libc_nano.a(lib_a-init.o)
 .ARM.attributes
                0x00000000000004e6       0x34 c:/st/stm32cubeide_1.5.1/stm32cubeide/plugins/com.st.stm32cube.ide.mcu.externaltools.gnu-tools-for-stm32.7-2018-q2-update.win32_1.5.0.202011040924/tools/bin/../lib/gcc/arm-none-eabi/7.3.1/../../../../arm-none-eabi/lib/thumb/v7e-m/fpv4-sp/hard\libc_nano.a(lib_a-memset.o)
 .ARM.attributes
                0x000000000000051a       0x22 c:/st/stm32cubeide_1.5.1/stm32cubeide/plugins/com.st.stm32cube.ide.mcu.externaltools.gnu-tools-for-stm32.7-2018-q2-update.win32_1.5.0.202011040924/tools/bin/../lib/gcc/arm-none-eabi/7.3.1/thumb/v7e-m/fpv4-sp/hard\libgcc.a(_aeabi_uldivmod.o)
 .ARM.attributes
                0x000000000000053c       0x34 c:/st/stm32cubeide_1.5.1/stm32cubeide/plugins/com.st.stm32cube.ide.mcu.externaltools.gnu-tools-for-stm32.7-2018-q2-update.win32_1.5.0.202011040924/tools/bin/../lib/gcc/arm-none-eabi/7.3.1/thumb/v7e-m/fpv4-sp/hard\libgcc.a(_udivmoddi4.o)
 .ARM.attributes
                0x0000000000000570       0x22 c:/st/stm32cubeide_1.5.1/stm32cubeide/plugins/com.st.stm32cube.ide.mcu.externaltools.gnu-tools-for-stm32.7-2018-q2-update.win32_1.5.0.202011040924/tools/bin/../lib/gcc/arm-none-eabi/7.3.1/thumb/v7e-m/fpv4-sp/hard\libgcc.a(_dvmd_tls.o)
 .ARM.attributes
                0x0000000000000592       0x22 c:/st/stm32cubeide_1.5.1/stm32cubeide/plugins/com.st.stm32cube.ide.mcu.externaltools.gnu-tools-for-stm32.7-2018-q2-update.win32_1.5.0.202011040924/tools/bin/../lib/gcc/arm-none-eabi/7.3.1/thumb/v7e-m/fpv4-sp/hard/crtn.o
OUTPUT(customBootloader.elf elf32-littlearm)

.debug_info     0x0000000000000000     0x9e52
 .debug_info    0x0000000000000000      0xe95 Core/Src/main.o
 .debug_info    0x0000000000000e95      0xc9f Core/Src/stm32f4xx_hal_msp.o
 .debug_info    0x0000000000001b34      0x696 Core/Src/stm32f4xx_it.o
 .debug_info    0x00000000000021ca      0x554 Core/Src/system_stm32f4xx.o
 .debug_info    0x000000000000271e       0x22 Core/Startup/startup_stm32f407vgtx.o
 .debug_info    0x0000000000002740      0x327 Crc/calculate_crc.o
 .debug_info    0x0000000000002a67      0x945 Drivers/STM32F4xx_HAL_Driver/Src/stm32f4xx_hal.o
 .debug_info    0x00000000000033ac      0xe28 Drivers/STM32F4xx_HAL_Driver/Src/stm32f4xx_hal_cortex.o
 .debug_info    0x00000000000041d4      0x441 Drivers/STM32F4xx_HAL_Driver/Src/stm32f4xx_hal_crc.o
 .debug_info    0x0000000000004615      0x968 Drivers/STM32F4xx_HAL_Driver/Src/stm32f4xx_hal_dma.o
 .debug_info    0x0000000000004f7d      0x622 Drivers/STM32F4xx_HAL_Driver/Src/stm32f4xx_hal_flash.o
 .debug_info    0x000000000000559f      0x721 Drivers/STM32F4xx_HAL_Driver/Src/stm32f4xx_hal_flash_ex.o
 .debug_info    0x0000000000005cc0      0x7b5 Drivers/STM32F4xx_HAL_Driver/Src/stm32f4xx_hal_gpio.o
 .debug_info    0x0000000000006475      0x904 Drivers/STM32F4xx_HAL_Driver/Src/stm32f4xx_hal_rcc.o
 .debug_info    0x0000000000006d79     0x124c Drivers/STM32F4xx_HAL_Driver/Src/stm32f4xx_hal_uart.o
 .debug_info    0x0000000000007fc5      0x789 Flash/erase_flash_memory.o
 .debug_info    0x000000000000874e      0x201 Flash/write_flash_memory.o
 .debug_info    0x000000000000894f      0x795 Host/parse_message.o
 .debug_info    0x00000000000090e4      0x773 Host/receive_message_from_host.o
 .debug_info    0x0000000000009857      0x5fb Host/send_message_to_host.o

.debug_abbrev   0x0000000000000000     0x2235
 .debug_abbrev  0x0000000000000000      0x23a Core/Src/main.o
 .debug_abbrev  0x000000000000023a      0x1af Core/Src/stm32f4xx_hal_msp.o
 .debug_abbrev  0x00000000000003e9      0x149 Core/Src/stm32f4xx_it.o
 .debug_abbrev  0x0000000000000532      0x12b Core/Src/system_stm32f4xx.o
 .debug_abbrev  0x000000000000065d       0x12 Core/Startup/startup_stm32f407vgtx.o
 .debug_abbrev  0x000000000000066f      0x152 Crc/calculate_crc.o
 .debug_abbrev  0x00000000000007c1      0x1c7 Drivers/STM32F4xx_HAL_Driver/Src/stm32f4xx_hal.o
 .debug_abbrev  0x0000000000000988      0x2fa Drivers/STM32F4xx_HAL_Driver/Src/stm32f4xx_hal_cortex.o
 .debug_abbrev  0x0000000000000c82      0x1b7 Drivers/STM32F4xx_HAL_Driver/Src/stm32f4xx_hal_crc.o
 .debug_abbrev  0x0000000000000e39      0x229 Drivers/STM32F4xx_HAL_Driver/Src/stm32f4xx_hal_dma.o
 .debug_abbrev  0x0000000000001062      0x248 Drivers/STM32F4xx_HAL_Driver/Src/stm32f4xx_hal_flash.o
 .debug_abbrev  0x00000000000012aa      0x220 Drivers/STM32F4xx_HAL_Driver/Src/stm32f4xx_hal_flash_ex.o
 .debug_abbrev  0x00000000000014ca      0x1c9 Drivers/STM32F4xx_HAL_Driver/Src/stm32f4xx_hal_gpio.o
 .debug_abbrev  0x0000000000001693      0x245 Drivers/STM32F4xx_HAL_Driver/Src/stm32f4xx_hal_rcc.o
 .debug_abbrev  0x00000000000018d8      0x242 Drivers/STM32F4xx_HAL_Driver/Src/stm32f4xx_hal_uart.o
 .debug_abbrev  0x0000000000001b1a      0x171 Flash/erase_flash_memory.o
 .debug_abbrev  0x0000000000001c8b       0xfe Flash/write_flash_memory.o
 .debug_abbrev  0x0000000000001d89      0x1ae Host/parse_message.o
 .debug_abbrev  0x0000000000001f37      0x1be Host/receive_message_from_host.o
 .debug_abbrev  0x00000000000020f5      0x140 Host/send_message_to_host.o

.debug_aranges  0x0000000000000000      0x8f8
 .debug_aranges
                0x0000000000000000       0x50 Core/Src/main.o
 .debug_aranges
                0x0000000000000050       0x40 Core/Src/stm32f4xx_hal_msp.o
 .debug_aranges
                0x0000000000000090       0x70 Core/Src/stm32f4xx_it.o
 .debug_aranges
                0x0000000000000100       0x28 Core/Src/system_stm32f4xx.o
 .debug_aranges
                0x0000000000000128       0x28 Core/Startup/startup_stm32f407vgtx.o
 .debug_aranges
                0x0000000000000150       0x20 Crc/calculate_crc.o
 .debug_aranges
                0x0000000000000170       0xf0 Drivers/STM32F4xx_HAL_Driver/Src/stm32f4xx_hal.o
 .debug_aranges
                0x0000000000000260      0x118 Drivers/STM32F4xx_HAL_Driver/Src/stm32f4xx_hal_cortex.o
 .debug_aranges
                0x0000000000000378       0x50 Drivers/STM32F4xx_HAL_Driver/Src/stm32f4xx_hal_crc.o
 .debug_aranges
                0x00000000000003c8       0x90 Drivers/STM32F4xx_HAL_Driver/Src/stm32f4xx_hal_dma.o
 .debug_aranges
                0x0000000000000458       0xa0 Drivers/STM32F4xx_HAL_Driver/Src/stm32f4xx_hal_flash.o
 .debug_aranges
                0x00000000000004f8       0x98 Drivers/STM32F4xx_HAL_Driver/Src/stm32f4xx_hal_flash_ex.o
 .debug_aranges
                0x0000000000000590       0x58 Drivers/STM32F4xx_HAL_Driver/Src/stm32f4xx_hal_gpio.o
 .debug_aranges
                0x00000000000005e8       0x88 Drivers/STM32F4xx_HAL_Driver/Src/stm32f4xx_hal_rcc.o
 .debug_aranges
                0x0000000000000670      0x1d0 Drivers/STM32F4xx_HAL_Driver/Src/stm32f4xx_hal_uart.o
 .debug_aranges
                0x0000000000000840       0x20 Flash/erase_flash_memory.o
 .debug_aranges
                0x0000000000000860       0x20 Flash/write_flash_memory.o
 .debug_aranges
                0x0000000000000880       0x30 Host/parse_message.o
 .debug_aranges
                0x00000000000008b0       0x28 Host/receive_message_from_host.o
 .debug_aranges
                0x00000000000008d8       0x20 Host/send_message_to_host.o

.debug_ranges   0x0000000000000000      0x7c0
 .debug_ranges  0x0000000000000000       0x40 Core/Src/main.o
 .debug_ranges  0x0000000000000040       0x30 Core/Src/stm32f4xx_hal_msp.o
 .debug_ranges  0x0000000000000070       0x60 Core/Src/stm32f4xx_it.o
 .debug_ranges  0x00000000000000d0       0x18 Core/Src/system_stm32f4xx.o
 .debug_ranges  0x00000000000000e8       0x20 Core/Startup/startup_stm32f407vgtx.o
 .debug_ranges  0x0000000000000108       0x10 Crc/calculate_crc.o
 .debug_ranges  0x0000000000000118       0xe0 Drivers/STM32F4xx_HAL_Driver/Src/stm32f4xx_hal.o
 .debug_ranges  0x00000000000001f8      0x108 Drivers/STM32F4xx_HAL_Driver/Src/stm32f4xx_hal_cortex.o
 .debug_ranges  0x0000000000000300       0x40 Drivers/STM32F4xx_HAL_Driver/Src/stm32f4xx_hal_crc.o
 .debug_ranges  0x0000000000000340       0x80 Drivers/STM32F4xx_HAL_Driver/Src/stm32f4xx_hal_dma.o
 .debug_ranges  0x00000000000003c0       0x90 Drivers/STM32F4xx_HAL_Driver/Src/stm32f4xx_hal_flash.o
 .debug_ranges  0x0000000000000450       0x88 Drivers/STM32F4xx_HAL_Driver/Src/stm32f4xx_hal_flash_ex.o
 .debug_ranges  0x00000000000004d8       0x48 Drivers/STM32F4xx_HAL_Driver/Src/stm32f4xx_hal_gpio.o
 .debug_ranges  0x0000000000000520       0x78 Drivers/STM32F4xx_HAL_Driver/Src/stm32f4xx_hal_rcc.o
 .debug_ranges  0x0000000000000598      0x1c0 Drivers/STM32F4xx_HAL_Driver/Src/stm32f4xx_hal_uart.o
 .debug_ranges  0x0000000000000758       0x10 Flash/erase_flash_memory.o
 .debug_ranges  0x0000000000000768       0x10 Flash/write_flash_memory.o
 .debug_ranges  0x0000000000000778       0x20 Host/parse_message.o
 .debug_ranges  0x0000000000000798       0x18 Host/receive_message_from_host.o
 .debug_ranges  0x00000000000007b0       0x10 Host/send_message_to_host.o

.debug_macro    0x0000000000000000    0x20505
 .debug_macro   0x0000000000000000      0x237 Core/Src/main.o
 .debug_macro   0x0000000000000237      0xa5a Core/Src/main.o
 .debug_macro   0x0000000000000c91       0x16 Core/Src/main.o
 .debug_macro   0x0000000000000ca7       0x22 Core/Src/main.o
 .debug_macro   0x0000000000000cc9       0x8e Core/Src/main.o
 .debug_macro   0x0000000000000d57       0x51 Core/Src/main.o
 .debug_macro   0x0000000000000da8       0xef Core/Src/main.o
 .debug_macro   0x0000000000000e97       0x6a Core/Src/main.o
 .debug_macro   0x0000000000000f01      0x1df Core/Src/main.o
 .debug_macro   0x00000000000010e0      0x294 Core/Src/main.o
 .debug_macro   0x0000000000001374       0x2e Core/Src/main.o
 .debug_macro   0x00000000000013a2       0x2f Core/Src/main.o
 .debug_macro   0x00000000000013d1       0x1c Core/Src/main.o
 .debug_macro   0x00000000000013ed       0x22 Core/Src/main.o
 .debug_macro   0x000000000000140f       0xdf Core/Src/main.o
 .debug_macro   0x00000000000014ee     0x102d Core/Src/main.o
 .debug_macro   0x000000000000251b      0x11f Core/Src/main.o
 .debug_macro   0x000000000000263a    0x15e3c Core/Src/main.o
 .debug_macro   0x0000000000018476       0x43 Core/Src/main.o
 .debug_macro   0x00000000000184b9     0x3659 Core/Src/main.o
 .debug_macro   0x000000000001bb12      0x174 Core/Src/main.o
 .debug_macro   0x000000000001bc86       0x5a Core/Src/main.o
 .debug_macro   0x000000000001bce0      0x96b Core/Src/main.o
 .debug_macro   0x000000000001c64b      0x9fe Core/Src/main.o
 .debug_macro   0x000000000001d049      0x117 Core/Src/main.o
 .debug_macro   0x000000000001d160      0x13e Core/Src/main.o
 .debug_macro   0x000000000001d29e       0x27 Core/Src/main.o
 .debug_macro   0x000000000001d2c5      0x174 Core/Src/main.o
 .debug_macro   0x000000000001d439      0x287 Core/Src/main.o
 .debug_macro   0x000000000001d6c0       0x5f Core/Src/main.o
 .debug_macro   0x000000000001d71f      0x236 Core/Src/main.o
 .debug_macro   0x000000000001d955       0x22 Core/Src/main.o
 .debug_macro   0x000000000001d977      0x12c Core/Src/main.o
 .debug_macro   0x000000000001daa3      0x21e Core/Src/main.o
 .debug_macro   0x000000000001dcc1       0x2e Core/Src/main.o
 .debug_macro   0x000000000001dcef      0x11a Core/Src/main.o
 .debug_macro   0x000000000001de09       0x7e Core/Src/main.o
 .debug_macro   0x000000000001de87       0x89 Core/Src/main.o
 .debug_macro   0x000000000001df10      0x287 Core/Src/main.o
 .debug_macro   0x000000000001e197      0x12d Core/Src/main.o
 .debug_macro   0x000000000001e2c4       0x28 Core/Src/main.o
 .debug_macro   0x000000000001e2ec       0x22 Core/Src/main.o
 .debug_macro   0x000000000001e30e      0x1ce Core/Src/stm32f4xx_hal_msp.o
 .debug_macro   0x000000000001e4dc      0x1d8 Core/Src/stm32f4xx_it.o
 .debug_macro   0x000000000001e6b4      0x1ca Core/Src/system_stm32f4xx.o
 .debug_macro   0x000000000001e87e      0x1e1 Crc/calculate_crc.o
 .debug_macro   0x000000000001ea5f      0x224 Drivers/STM32F4xx_HAL_Driver/Src/stm32f4xx_hal.o
 .debug_macro   0x000000000001ec83      0x1c4 Drivers/STM32F4xx_HAL_Driver/Src/stm32f4xx_hal_cortex.o
 .debug_macro   0x000000000001ee47      0x1c4 Drivers/STM32F4xx_HAL_Driver/Src/stm32f4xx_hal_crc.o
 .debug_macro   0x000000000001f00b      0x1ca Drivers/STM32F4xx_HAL_Driver/Src/stm32f4xx_hal_dma.o
 .debug_macro   0x000000000001f1d5      0x1ca Drivers/STM32F4xx_HAL_Driver/Src/stm32f4xx_hal_flash.o
 .debug_macro   0x000000000001f39f      0x1ca Drivers/STM32F4xx_HAL_Driver/Src/stm32f4xx_hal_flash_ex.o
 .debug_macro   0x000000000001f569      0x1fa Drivers/STM32F4xx_HAL_Driver/Src/stm32f4xx_hal_gpio.o
 .debug_macro   0x000000000001f763      0x1e8 Drivers/STM32F4xx_HAL_Driver/Src/stm32f4xx_hal_rcc.o
 .debug_macro   0x000000000001f94b      0x1c5 Drivers/STM32F4xx_HAL_Driver/Src/stm32f4xx_hal_uart.o
 .debug_macro   0x000000000001fb10      0x1f9 Flash/erase_flash_memory.o
 .debug_macro   0x000000000001fd09       0x22 Flash/erase_flash_memory.o
 .debug_macro   0x000000000001fd2b      0x1e1 Flash/write_flash_memory.o
 .debug_macro   0x000000000001ff0c      0x211 Host/parse_message.o
 .debug_macro   0x000000000002011d      0x1e6 Host/receive_message_from_host.o
 .debug_macro   0x0000000000020303       0x1c Host/receive_message_from_host.o
 .debug_macro   0x000000000002031f      0x1e6 Host/send_message_to_host.o

.debug_line     0x0000000000000000     0x9d67
 .debug_line    0x0000000000000000      0x7a0 Core/Src/main.o
 .debug_line    0x00000000000007a0      0x700 Core/Src/stm32f4xx_hal_msp.o
 .debug_line    0x0000000000000ea0      0x773 Core/Src/stm32f4xx_it.o
 .debug_line    0x0000000000001613      0x6c2 Core/Src/system_stm32f4xx.o
 .debug_line    0x0000000000001cd5       0x85 Core/Startup/startup_stm32f407vgtx.o
 .debug_line    0x0000000000001d5a      0x6eb Crc/calculate_crc.o
 .debug_line    0x0000000000002445      0x8ac Drivers/STM32F4xx_HAL_Driver/Src/stm32f4xx_hal.o
 .debug_line    0x0000000000002cf1      0x9d0 Drivers/STM32F4xx_HAL_Driver/Src/stm32f4xx_hal_cortex.o
 .debug_line    0x00000000000036c1      0x75b Drivers/STM32F4xx_HAL_Driver/Src/stm32f4xx_hal_crc.o
 .debug_line    0x0000000000003e1c      0x97a Drivers/STM32F4xx_HAL_Driver/Src/stm32f4xx_hal_dma.o
 .debug_line    0x0000000000004796      0x892 Drivers/STM32F4xx_HAL_Driver/Src/stm32f4xx_hal_flash.o
 .debug_line    0x0000000000005028      0x87e Drivers/STM32F4xx_HAL_Driver/Src/stm32f4xx_hal_flash_ex.o
 .debug_line    0x00000000000058a6      0x88b Drivers/STM32F4xx_HAL_Driver/Src/stm32f4xx_hal_gpio.o
 .debug_line    0x0000000000006131      0x904 Drivers/STM32F4xx_HAL_Driver/Src/stm32f4xx_hal_rcc.o
 .debug_line    0x0000000000006a35      0xfba Drivers/STM32F4xx_HAL_Driver/Src/stm32f4xx_hal_uart.o
 .debug_line    0x00000000000079ef      0x72f Flash/erase_flash_memory.o
 .debug_line    0x000000000000811e      0x6f1 Flash/write_flash_memory.o
 .debug_line    0x000000000000880f      0x776 Host/parse_message.o
 .debug_line    0x0000000000008f85      0x703 Host/receive_message_from_host.o
 .debug_line    0x0000000000009688      0x6df Host/send_message_to_host.o

.debug_str      0x0000000000000000    0xbed1f
 .debug_str     0x0000000000000000    0xbcc0f Core/Src/main.o
                                      0xbcefc (size before relaxing)
 .debug_str     0x00000000000bcc0f       0x78 Core/Src/stm32f4xx_hal_msp.o
                                      0xbca4f (size before relaxing)
 .debug_str     0x00000000000bcc87       0xe0 Core/Src/stm32f4xx_it.o
                                      0xbc3c8 (size before relaxing)
 .debug_str     0x00000000000bcd67       0xc4 Core/Src/system_stm32f4xx.o
                                      0xbc087 (size before relaxing)
 .debug_str     0x00000000000bce2b       0x36 Core/Startup/startup_stm32f407vgtx.o
                                         0x94 (size before relaxing)
 .debug_str     0x00000000000bce61       0x60 Crc/calculate_crc.o
                                      0xbc06d (size before relaxing)
 .debug_str     0x00000000000bcec1      0x58d Drivers/STM32F4xx_HAL_Driver/Src/stm32f4xx_hal.o
                                      0xbcb54 (size before relaxing)
 .debug_str     0x00000000000bd44e      0x399 Drivers/STM32F4xx_HAL_Driver/Src/stm32f4xx_hal_cortex.o
                                      0xbc943 (size before relaxing)
 .debug_str     0x00000000000bd7e7       0xaa Drivers/STM32F4xx_HAL_Driver/Src/stm32f4xx_hal_crc.o
                                      0xbc0cc (size before relaxing)
 .debug_str     0x00000000000bd891      0x328 Drivers/STM32F4xx_HAL_Driver/Src/stm32f4xx_hal_dma.o
                                      0xbc49c (size before relaxing)
 .debug_str     0x00000000000bdbb9      0x2a9 Drivers/STM32F4xx_HAL_Driver/Src/stm32f4xx_hal_flash.o
                                      0xbc25d (size before relaxing)
 .debug_str     0x00000000000bde62      0x252 Drivers/STM32F4xx_HAL_Driver/Src/stm32f4xx_hal_flash_ex.o
                                      0xbc2c3 (size before relaxing)
 .debug_str     0x00000000000be0b4      0x207 Drivers/STM32F4xx_HAL_Driver/Src/stm32f4xx_hal_gpio.o
                                      0xbc2c6 (size before relaxing)
 .debug_str     0x00000000000be2bb      0x24e Drivers/STM32F4xx_HAL_Driver/Src/stm32f4xx_hal_rcc.o
                                      0xbc474 (size before relaxing)
 .debug_str     0x00000000000be509      0x51c Drivers/STM32F4xx_HAL_Driver/Src/stm32f4xx_hal_uart.o
                                      0xbc8d3 (size before relaxing)
 .debug_str     0x00000000000bea25      0x182 Flash/erase_flash_memory.o
                                      0xbc5de (size before relaxing)
 .debug_str     0x00000000000beba7       0x53 Flash/write_flash_memory.o
                                      0xbbf86 (size before relaxing)
 .debug_str     0x00000000000bebfa       0x9e Host/parse_message.o
                                      0xbc609 (size before relaxing)
 .debug_str     0x00000000000bec98       0x46 Host/receive_message_from_host.o
                                      0xbc522 (size before relaxing)
 .debug_str     0x00000000000becde       0x41 Host/send_message_to_host.o
                                      0xbc406 (size before relaxing)

.comment        0x0000000000000000       0x7b
 .comment       0x0000000000000000       0x7b Core/Src/main.o
                                         0x7c (size before relaxing)
 .comment       0x000000000000007b       0x7c Core/Src/stm32f4xx_hal_msp.o
 .comment       0x000000000000007b       0x7c Core/Src/stm32f4xx_it.o
 .comment       0x000000000000007b       0x7c Core/Src/system_stm32f4xx.o
 .comment       0x000000000000007b       0x7c Crc/calculate_crc.o
 .comment       0x000000000000007b       0x7c Drivers/STM32F4xx_HAL_Driver/Src/stm32f4xx_hal.o
 .comment       0x000000000000007b       0x7c Drivers/STM32F4xx_HAL_Driver/Src/stm32f4xx_hal_cortex.o
 .comment       0x000000000000007b       0x7c Drivers/STM32F4xx_HAL_Driver/Src/stm32f4xx_hal_crc.o
 .comment       0x000000000000007b       0x7c Drivers/STM32F4xx_HAL_Driver/Src/stm32f4xx_hal_dma.o
 .comment       0x000000000000007b       0x7c Drivers/STM32F4xx_HAL_Driver/Src/stm32f4xx_hal_flash.o
 .comment       0x000000000000007b       0x7c Drivers/STM32F4xx_HAL_Driver/Src/stm32f4xx_hal_flash_ex.o
 .comment       0x000000000000007b       0x7c Drivers/STM32F4xx_HAL_Driver/Src/stm32f4xx_hal_gpio.o
 .comment       0x000000000000007b       0x7c Drivers/STM32F4xx_HAL_Driver/Src/stm32f4xx_hal_rcc.o
 .comment       0x000000000000007b       0x7c Drivers/STM32F4xx_HAL_Driver/Src/stm32f4xx_hal_uart.o
 .comment       0x000000000000007b       0x7c Flash/erase_flash_memory.o
 .comment       0x000000000000007b       0x7c Flash/write_flash_memory.o
 .comment       0x000000000000007b       0x7c Host/parse_message.o
 .comment       0x000000000000007b       0x7c Host/receive_message_from_host.o
 .comment       0x000000000000007b       0x7c Host/send_message_to_host.o

.debug_frame    0x0000000000000000     0x2154
 .debug_frame   0x0000000000000000       0xe8 Core/Src/main.o
 .debug_frame   0x00000000000000e8       0xcc Core/Src/stm32f4xx_hal_msp.o
 .debug_frame   0x00000000000001b4      0x13c Core/Src/stm32f4xx_it.o
 .debug_frame   0x00000000000002f0       0x58 Core/Src/system_stm32f4xx.o
 .debug_frame   0x0000000000000348       0x34 Crc/calculate_crc.o
 .debug_frame   0x000000000000037c      0x374 Drivers/STM32F4xx_HAL_Driver/Src/stm32f4xx_hal.o
 .debug_frame   0x00000000000006f0      0x498 Drivers/STM32F4xx_HAL_Driver/Src/stm32f4xx_hal_cortex.o
 .debug_frame   0x0000000000000b88      0x120 Drivers/STM32F4xx_HAL_Driver/Src/stm32f4xx_hal_crc.o
 .debug_frame   0x0000000000000ca8      0x250 Drivers/STM32F4xx_HAL_Driver/Src/stm32f4xx_hal_dma.o
 .debug_frame   0x0000000000000ef8      0x274 Drivers/STM32F4xx_HAL_Driver/Src/stm32f4xx_hal_flash.o
 .debug_frame   0x000000000000116c      0x250 Drivers/STM32F4xx_HAL_Driver/Src/stm32f4xx_hal_flash_ex.o
 .debug_frame   0x00000000000013bc      0x14c Drivers/STM32F4xx_HAL_Driver/Src/stm32f4xx_hal_gpio.o
 .debug_frame   0x0000000000001508      0x1f0 Drivers/STM32F4xx_HAL_Driver/Src/stm32f4xx_hal_rcc.o
 .debug_frame   0x00000000000016f8      0x844 Drivers/STM32F4xx_HAL_Driver/Src/stm32f4xx_hal_uart.o
 .debug_frame   0x0000000000001f3c       0x34 Flash/erase_flash_memory.o
 .debug_frame   0x0000000000001f70       0x38 Flash/write_flash_memory.o
 .debug_frame   0x0000000000001fa8       0x78 Host/parse_message.o
 .debug_frame   0x0000000000002020       0x54 Host/receive_message_from_host.o
 .debug_frame   0x0000000000002074       0x34 Host/send_message_to_host.o
 .debug_frame   0x00000000000020a8       0x2c c:/st/stm32cubeide_1.5.1/stm32cubeide/plugins/com.st.stm32cube.ide.mcu.externaltools.gnu-tools-for-stm32.7-2018-q2-update.win32_1.5.0.202011040924/tools/bin/../lib/gcc/arm-none-eabi/7.3.1/../../../../arm-none-eabi/lib/thumb/v7e-m/fpv4-sp/hard\libc_nano.a(lib_a-init.o)
 .debug_frame   0x00000000000020d4       0x20 c:/st/stm32cubeide_1.5.1/stm32cubeide/plugins/com.st.stm32cube.ide.mcu.externaltools.gnu-tools-for-stm32.7-2018-q2-update.win32_1.5.0.202011040924/tools/bin/../lib/gcc/arm-none-eabi/7.3.1/../../../../arm-none-eabi/lib/thumb/v7e-m/fpv4-sp/hard\libc_nano.a(lib_a-memset.o)
 .debug_frame   0x00000000000020f4       0x2c c:/st/stm32cubeide_1.5.1/stm32cubeide/plugins/com.st.stm32cube.ide.mcu.externaltools.gnu-tools-for-stm32.7-2018-q2-update.win32_1.5.0.202011040924/tools/bin/../lib/gcc/arm-none-eabi/7.3.1/thumb/v7e-m/fpv4-sp/hard\libgcc.a(_aeabi_uldivmod.o)
 .debug_frame   0x0000000000002120       0x34 c:/st/stm32cubeide_1.5.1/stm32cubeide/plugins/com.st.stm32cube.ide.mcu.externaltools.gnu-tools-for-stm32.7-2018-q2-update.win32_1.5.0.202011040924/tools/bin/../lib/gcc/arm-none-eabi/7.3.1/thumb/v7e-m/fpv4-sp/hard\libgcc.a(_udivmoddi4.o)
